// Vitest Snapshot v1, https://vitest.dev/guide/snapshot.html

exports[`GeneratorExperiment > max > updates when changed 1`] = `
"<div class="generator-list"><label for="max">Max:</label><input id="max" type="number" name="max" min="1" class="tw:form-input">
  <ol>
    <li><span class="is-number">1</span></li>
    <li><span class="is-number">2</span></li>
    <li><span class="">Fizz</span></li>
    <li><span class="is-number">4</span></li>
    <li><span class="">Buzz</span></li>
    <li><span class="">Fizz</span></li>
    <li><span class="is-number">7</span></li>
    <li><span class="is-number">8</span></li>
    <li><span class="">Fizz</span></li>
    <li><span class="">Buzz</span></li>
    <li><span class="is-number">11</span></li>
    <li><span class="">Fizz</span></li>
    <li><span class="is-number">13</span></li>
    <li><span class="is-number">14</span></li>
    <li><span class="">FizzBuzz</span></li>
    <li><span class="is-number">16</span></li>
    <li><span class="is-number">17</span></li>
    <li><span class="">Fizz</span></li>
    <li><span class="is-number">19</span></li>
    <li><span class="">Buzz</span></li>
    <li><span class="">Fizz</span></li>
    <li><span class="is-number">22</span></li>
    <li><span class="is-number">23</span></li>
    <li><span class="">Fizz</span></li>
    <li><span class="">Buzz</span></li>
  </ol>
</div>"
`;
