// Vitest Snapshot v1, https://vitest.dev/guide/snapshot.html

exports[`RecursionComponent > renders correctly (map) 1`] = `
"<div data-v-5572d211="" class="recursion"><pre data-v-5572d211="">{
  "Map(2)": {
    "store =&gt;": {
      "Map(1)": {
        "produce =&gt;": {
          "Map(3)": {
            "apple =&gt;": "store.produce.apple",
            "banana =&gt;": "store.produce.banana",
            "cherry =&gt;": "store.produce.cherry"
          }
        }
      }
    },
    "person =&gt;": {
      "Map(2)": {
        "male =&gt;": {
          "Map(2)": {
            "dad =&gt;": "person.male.dad",
            "son =&gt;": "person.male.son"
          }
        },
        "female =&gt;": {
          "Map(2)": {
            "mom =&gt;": "person.female.mom",
            "daughter =&gt;": "person.female.daughter"
          }
        }
      }
    }
  }
}</pre>
</div>"
`;

exports[`RecursionComponent > renders correctly (object) 1`] = `
"<div data-v-5572d211="" class="recursion"><pre data-v-5572d211="">{
  "store": {
    "produce": {
      "apple": "store.produce.apple",
      "banana": "store.produce.banana",
      "cherry": "store.produce.cherry"
    }
  },
  "person": {
    "male": {
      "dad": "person.male.dad",
      "son": "person.male.son"
    },
    "female": {
      "mom": "person.female.mom",
      "daughter": "person.female.daughter"
    }
  }
}</pre>
</div>"
`;
