// Vitest Snapshot v1

exports[`RecursionExperiment > renders correctly 1`] = `
"<div class=\\"recursion\\" data-v-5216a93f=\\"\\"><input type=\\"text\\" data-v-5216a93f=\\"\\"><output data-v-5216a93f=\\"\\">store.produce.apple</output><output data-v-5216a93f=\\"\\">store.produce.apple</output></div>
<ul data-v-5216a93f=\\"\\">
  <li data-v-5216a93f=\\"\\">store.produce.apple</li>
  <li data-v-5216a93f=\\"\\">store.produce.banana</li>
  <li data-v-5216a93f=\\"\\">store.produce.cherry</li>
  <li data-v-5216a93f=\\"\\">person.male.dad</li>
  <li data-v-5216a93f=\\"\\">person.male.son</li>
  <li data-v-5216a93f=\\"\\">person.female.mom</li>
  <li data-v-5216a93f=\\"\\">person.female.daughter</li>
</ul>
<pre data-v-5216a93f=\\"\\">{
  \\"Map(2)\\": {
    \\"store =>\\": {
      \\"Map(1)\\": {
        \\"produce =>\\": {
          \\"Map(3)\\": {
            \\"apple =>\\": \\"store.produce.apple\\",
            \\"banana =>\\": \\"store.produce.banana\\",
            \\"cherry =>\\": \\"store.produce.cherry\\"
          }
        }
      }
    },
    \\"person =>\\": {
      \\"Map(2)\\": {
        \\"male =>\\": {
          \\"Map(2)\\": {
            \\"dad =>\\": \\"person.male.dad\\",
            \\"son =>\\": \\"person.male.son\\"
          }
        },
        \\"female =>\\": {
          \\"Map(2)\\": {
            \\"mom =>\\": \\"person.female.mom\\",
            \\"daughter =>\\": \\"person.female.daughter\\"
          }
        }
      }
    }
  }
}</pre>
<pre data-v-5216a93f=\\"\\">{
  \\"store\\": {
    \\"produce\\": {
      \\"apple\\": \\"store.produce.apple\\",
      \\"banana\\": \\"store.produce.banana\\",
      \\"cherry\\": \\"store.produce.cherry\\"
    }
  },
  \\"person\\": {
    \\"male\\": {
      \\"dad\\": \\"person.male.dad\\",
      \\"son\\": \\"person.male.son\\"
    },
    \\"female\\": {
      \\"mom\\": \\"person.female.mom\\",
      \\"daughter\\": \\"person.female.daughter\\"
    }
  }
}</pre>"
`;
