// Vitest Snapshot v1, https://vitest.dev/guide/snapshot.html

exports[`CustomElement > renders correctly 1`] = `
"<div class=\\"custom-element\\">
  <div class=\\"item\\">Item 1</div>
  <div class=\\"item\\">Item 2</div>
  <div class=\\"item\\">Item 3</div>
  <div class=\\"item\\">Item 4</div>
  <div class=\\"item\\">Item 5</div>
  <div class=\\"item\\">Item 6</div>
  <div class=\\"item\\">Item 7</div>
  <div class=\\"item\\">Item 8</div>
  <div class=\\"item\\">Item 9</div>
  <div class=\\"item\\">Item 10</div>
</div>"
`;

exports[`FooExperiment > renders correctly 1`] = `
"<h1>Foo</h1>
<p> Adipisicing nisi et explicabo voluptatum quisquam Quia expedita quae explicabo eveniet dolorum? Eligendi repellendus perferendis provident voluptatum similique Distinctio ipsam dignissimos vero sint aperiam rerum Veniam expedita quos fuga velit. </p>"
`;

exports[`HomeView > renders correctly 1`] = `
"<div data-v-c1f0f723=\\"\\" class=\\"welcome-container\\">
  <h1 data-v-c1f0f723=\\"\\" class=\\"welcome\\">Welcome</h1>
</div>"
`;

exports[`NotFound > renders correctly 1`] = `"<h1>404 Not Found</h1>"`;
